../Core/Src/main.c:93:5:main	16	static
../Core/Src/main.c:225:6:SystemClock_Config	88	static
../Core/Src/main.c:263:13:MX_ADC1_Init	56	static
../Core/Src/main.c:327:13:MX_ADC2_Init	40	static
../Core/Src/main.c:383:13:MX_SPI1_Init	8	static
../Core/Src/main.c:408:13:MX_USART1_UART_Init	8	static
../Core/Src/main.c:453:13:MX_USART2_UART_Init	8	static
../Core/Src/main.c:498:13:MX_GPIO_Init	40	static
../Core/Src/main.c:526:6:print_message	16	static
../Core/Src/main.c:529:21:get_debug_uart	4	static
../Core/Src/main.c:538:6:Error_Handler	4	static,ignoring_inline_asm
